2026-05-07 20:52:56,318 - __main__ - INFO - Инициализация базы данных...
2026-05-07 20:52:56,320 - database.db - INFO - База данных инициализирована
2026-05-07 20:52:56,320 - __main__ - INFO - ✅ База данных инициализирована
2026-05-07 20:52:56,320 - __main__ - INFO - 🚀 Бот запущен и готов к работе!
2026-05-07 20:52:56,320 - __main__ - INFO - Нажмите Ctrl+C для остановки
2026-05-07 20:52:56,385 - aiogram.dispatcher - INFO - Start polling
2026-05-07 20:52:56,408 - aiogram.dispatcher - INFO - Run polling for bot @codedev_username_bot id=8648148862 - 'codedev | UserName'
2026-05-07 20:52:59,597 - aiogram.event - INFO - Update id=267965887 is handled. Duration 83 ms by bot id=8648148862
2026-05-07 20:53:00,588 - aiogram.event - INFO - Update id=267965888 is handled. Duration 205 ms by bot id=8648148862
2026-05-07 20:53:00,715 - services.username_checker - INFO - CHECK @anebu → Свободен
2026-05-07 20:53:00,717 - services.username_checker - INFO - CHECK @ggggg → Свободен
2026-05-07 20:53:00,729 - services.username_checker - INFO - CHECK @hccmv → Занят в Telegram
2026-05-07 20:53:00,734 - services.username_checker - INFO - CHECK @jjdkk → Продаётся на Fragment
2026-05-07 20:53:00,753 - services.username_checker - INFO - CHECK @kixer → Свободен
2026-05-07 20:53:04,004 - aiogram.event - INFO - Update id=267965889 is not handled. Duration 2 ms by bot id=8648148862
2026-05-07 20:53:09,366 - aiogram.event - INFO - Update id=267965890 is handled. Duration 65 ms by bot id=8648148862
2026-05-07 20:53:09,480 - services.username_checker - INFO - CHECK @ralmk → Свободен
2026-05-07 20:53:09,485 - services.username_checker - INFO - CHECK @rovom → Свободен
2026-05-07 20:53:09,487 - services.username_checker - INFO - CHECK @aleve → Продаётся на Fragment
2026-05-07 20:53:09,516 - services.username_checker - INFO - CHECK @goove → Свободен
2026-05-07 20:53:09,516 - services.username_checker - INFO - CHECK @rreek → Свободен
2026-05-07 20:53:11,419 - aiogram.event - INFO - Update id=267965891 is not handled. Duration 2 ms by bot id=8648148862
2026-05-07 20:53:17,348 - aiogram.event - INFO - Update id=267965892 is handled. Duration 37 ms by bot id=8648148862
2026-05-07 20:53:18,293 - aiogram.event - INFO - Update id=267965893 is handled. Duration 64 ms by bot id=8648148862
2026-05-07 20:53:18,376 - services.username_checker - INFO - CHECK @bunes → Свободен
2026-05-07 20:53:18,378 - services.username_checker - INFO - CHECK @xaneb → Свободен
2026-05-07 20:53:18,385 - services.username_checker - INFO - CHECK @bbeez → Продаётся на Fragment
2026-05-07 20:53:18,408 - services.username_checker - INFO - CHECK @jokel → Продаётся на Fragment
2026-05-07 20:53:18,409 - services.username_checker - INFO - CHECK @didid → Продаётся на Fragment
2026-05-07 20:53:20,295 - aiogram.event - INFO - Update id=267965894 is not handled. Duration 3 ms by bot id=8648148862
